This is pdfTeX, Version 3.141592653-2.6-1.40.24 (TeX Live 2022) (preloaded format=pdflatex 2023.2.13)  13 FEB 2023 16:52
entering extended mode
 restricted \write18 enabled.
 %&-line parsing enabled.
**_main.tex
(./_main.tex
LaTeX2e <2022-11-01> patch level 1
L3 programming layer <2023-02-07> (c:/Users/McNamaLA/AppData/Roaming/TinyTeX/texmf-dist/tex/latex/base/book.cls
Document Class: book 2022/07/02 v1.4n Standard LaTeX document class
(c:/Users/McNamaLA/AppData/Roaming/TinyTeX/texmf-dist/tex/latex/base/bk10.clo
File: bk10.clo 2022/07/02 v1.4n Standard LaTeX file (size option)
)
\c@part=\count185
\c@chapter=\count186
\c@section=\count187
\c@subsection=\count188
\c@subsubsection=\count189
\c@paragraph=\count190
\c@subparagraph=\count191
\c@figure=\count192
\c@table=\count193
\abovecaptionskip=\skip48
\belowcaptionskip=\skip49
\bibindent=\dimen140
) (c:/Users/McNamaLA/AppData/Roaming/TinyTeX/texmf-dist/tex/latex/amsmath/amsmath.sty
Package: amsmath 2022/04/08 v2.17n AMS math features
\@mathmargin=\skip50
For additional information on amsmath, use the `?' option.
(c:/Users/McNamaLA/AppData/Roaming/TinyTeX/texmf-dist/tex/latex/amsmath/amstext.sty
Package: amstext 2021/08/26 v2.01 AMS text
(c:/Users/McNamaLA/AppData/Roaming/TinyTeX/texmf-dist/tex/latex/amsmath/amsgen.sty
File: amsgen.sty 1999/11/30 v2.0 generic functions
\@emptytoks=\toks16
\ex@=\dimen141
)) (c:/Users/McNamaLA/AppData/Roaming/TinyTeX/texmf-dist/tex/latex/amsmath/amsbsy.sty
Package: amsbsy 1999/11/29 v1.2d Bold Symbols
\pmbraise@=\dimen142
) (c:/Users/McNamaLA/AppData/Roaming/TinyTeX/texmf-dist/tex/latex/amsmath/amsopn.sty
Package: amsopn 2022/04/08 v2.04 operator names
)
\inf@bad=\count194
LaTeX Info: Redefining \frac on input line 234.
\uproot@=\count195
\leftroot@=\count196
LaTeX Info: Redefining \overline on input line 399.
LaTeX Info: Redefining \colon on input line 410.
\classnum@=\count197
\DOTSCASE@=\count198
LaTeX Info: Redefining \ldots on input line 496.
LaTeX Info: Redefining \dots on input line 499.
LaTeX Info: Redefining \cdots on input line 620.
\Mathstrutbox@=\box51
\strutbox@=\box52
LaTeX Info: Redefining \big on input line 722.
LaTeX Info: Redefining \Big on input line 723.
LaTeX Info: Redefining \bigg on input line 724.
LaTeX Info: Redefining \Bigg on input line 725.
\big@size=\dimen143
LaTeX Font Info:    Redeclaring font encoding OML on input line 743.
LaTeX Font Info:    Redeclaring font encoding OMS on input line 744.
\macc@depth=\count199
LaTeX Info: Redefining \bmod on input line 905.
LaTeX Info: Redefining \pmod on input line 910.
LaTeX Info: Redefining \smash on input line 940.
LaTeX Info: Redefining \relbar on input line 970.
LaTeX Info: Redefining \Relbar on input line 971.
\c@MaxMatrixCols=\count266
\dotsspace@=\muskip16
\c@parentequation=\count267
\dspbrk@lvl=\count268
\tag@help=\toks17
\row@=\count269
\column@=\count270
\maxfields@=\count271
\andhelp@=\toks18
\eqnshift@=\dimen144
\alignsep@=\dimen145
\tagshift@=\dimen146
\tagwidth@=\dimen147
\totwidth@=\dimen148
\lineht@=\dimen149
\@envbody=\toks19
\multlinegap=\skip51
\multlinetaggap=\skip52
\mathdisplay@stack=\toks20
LaTeX Info: Redefining \[ on input line 2953.
LaTeX Info: Redefining \] on input line 2954.
) (c:/Users/McNamaLA/AppData/Roaming/TinyTeX/texmf-dist/tex/latex/amsfonts/amssymb.sty
Package: amssymb 2013/01/14 v3.01 AMS font symbols
(c:/Users/McNamaLA/AppData/Roaming/TinyTeX/texmf-dist/tex/latex/amsfonts/amsfonts.sty
Package: amsfonts 2013/01/14 v3.01 Basic AMSFonts support
\symAMSa=\mathgroup4
\symAMSb=\mathgroup5
LaTeX Font Info:    Redeclaring math symbol \hbar on input line 98.
LaTeX Font Info:    Overwriting math alphabet `\mathfrak' in version `bold'
(Font)                  U/euf/m/n --> U/euf/b/n on input line 106.
)) (c:/Users/McNamaLA/AppData/Roaming/TinyTeX/texmf-dist/tex/latex/lm/lmodern.sty
Package: lmodern 2015/05/01 v1.6.1 Latin Modern Fonts
LaTeX Font Info:    Overwriting symbol font `operators' in version `normal'
(Font)                  OT1/cmr/m/n --> OT1/lmr/m/n on input line 22.
LaTeX Font Info:    Overwriting symbol font `letters' in version `normal'
(Font)                  OML/cmm/m/it --> OML/lmm/m/it on input line 23.
LaTeX Font Info:    Overwriting symbol font `symbols' in version `normal'
(Font)                  OMS/cmsy/m/n --> OMS/lmsy/m/n on input line 24.
LaTeX Font Info:    Overwriting symbol font `largesymbols' in version `normal'
(Font)                  OMX/cmex/m/n --> OMX/lmex/m/n on input line 25.
LaTeX Font Info:    Overwriting symbol font `operators' in version `bold'
(Font)                  OT1/cmr/bx/n --> OT1/lmr/bx/n on input line 26.
LaTeX Font Info:    Overwriting symbol font `letters' in version `bold'
(Font)                  OML/cmm/b/it --> OML/lmm/b/it on input line 27.
LaTeX Font Info:    Overwriting symbol font `symbols' in version `bold'
(Font)                  OMS/cmsy/b/n --> OMS/lmsy/b/n on input line 28.
LaTeX Font Info:    Overwriting symbol font `largesymbols' in version `bold'
(Font)                  OMX/cmex/m/n --> OMX/lmex/m/n on input line 29.
LaTeX Font Info:    Overwriting math alphabet `\mathbf' in version `normal'
(Font)                  OT1/cmr/bx/n --> OT1/lmr/bx/n on input line 31.
LaTeX Font Info:    Overwriting math alphabet `\mathsf' in version `normal'
(Font)                  OT1/cmss/m/n --> OT1/lmss/m/n on input line 32.
LaTeX Font Info:    Overwriting math alphabet `\mathit' in version `normal'
(Font)                  OT1/cmr/m/it --> OT1/lmr/m/it on input line 33.
LaTeX Font Info:    Overwriting math alphabet `\mathtt' in version `normal'
(Font)                  OT1/cmtt/m/n --> OT1/lmtt/m/n on input line 34.
LaTeX Font Info:    Overwriting math alphabet `\mathbf' in version `bold'
(Font)                  OT1/cmr/bx/n --> OT1/lmr/bx/n on input line 35.
LaTeX Font Info:    Overwriting math alphabet `\mathsf' in version `bold'
(Font)                  OT1/cmss/bx/n --> OT1/lmss/bx/n on input line 36.
LaTeX Font Info:    Overwriting math alphabet `\mathit' in version `bold'
(Font)                  OT1/cmr/bx/it --> OT1/lmr/bx/it on input line 37.
LaTeX Font Info:    Overwriting math alphabet `\mathtt' in version `bold'
(Font)                  OT1/cmtt/m/n --> OT1/lmtt/m/n on input line 38.
) (c:/Users/McNamaLA/AppData/Roaming/TinyTeX/texmf-dist/tex/generic/iftex/iftex.sty
Package: iftex 2022/02/03 v1.0f TeX engine tests
) (c:/Users/McNamaLA/AppData/Roaming/TinyTeX/texmf-dist/tex/latex/base/fontenc.sty
Package: fontenc 2021/04/29 v2.0v Standard LaTeX package
LaTeX Font Info:    Trying to load font information for T1+lmr on input line 112.
(c:/Users/McNamaLA/AppData/Roaming/TinyTeX/texmf-dist/tex/latex/lm/t1lmr.fd
File: t1lmr.fd 2015/05/01 v1.6.1 Font defs for Latin Modern
)) (c:/Users/McNamaLA/AppData/Roaming/TinyTeX/texmf-dist/tex/latex/base/inputenc.sty
Package: inputenc 2021/02/14 v1.3d Input encoding file
\inpenc@prehook=\toks21
\inpenc@posthook=\toks22
) (c:/Users/McNamaLA/AppData/Roaming/TinyTeX/texmf-dist/tex/latex/base/textcomp.sty
Package: textcomp 2020/02/02 v2.0n Standard LaTeX package
) (c:/Users/McNamaLA/AppData/Roaming/TinyTeX/texmf-dist/tex/latex/xcolor/xcolor.sty
Package: xcolor 2022/06/12 v2.14 LaTeX color extensions (UK)
(c:/Users/McNamaLA/AppData/Roaming/TinyTeX/texmf-dist/tex/latex/graphics-cfg/color.cfg
File: color.cfg 2016/01/02 v1.6 sample color configuration
)
Package xcolor Info: Driver file: pdftex.def on input line 227.
(c:/Users/McNamaLA/AppData/Roaming/TinyTeX/texmf-dist/tex/latex/graphics-def/pdftex.def
File: pdftex.def 2022/09/22 v1.2b Graphics/color driver for pdftex
) (c:/Users/McNamaLA/AppData/Roaming/TinyTeX/texmf-dist/tex/latex/graphics/mathcolor.ltx)
Package xcolor Info: Model `cmy' substituted by `cmy0' on input line 1353.
Package xcolor Info: Model `hsb' substituted by `rgb' on input line 1357.
Package xcolor Info: Model `RGB' extended on input line 1369.
Package xcolor Info: Model `HTML' substituted by `rgb' on input line 1371.
Package xcolor Info: Model `Hsb' substituted by `hsb' on input line 1372.
Package xcolor Info: Model `tHsb' substituted by `hsb' on input line 1373.
Package xcolor Info: Model `HSB' substituted by `hsb' on input line 1374.
Package xcolor Info: Model `Gray' substituted by `gray' on input line 1375.
Package xcolor Info: Model `wave' substituted by `hsb' on input line 1376.
) (c:/Users/McNamaLA/AppData/Roaming/TinyTeX/texmf-dist/tex/latex/fancyvrb/fancyvrb.sty
Package: fancyvrb 2023/01/19 4.5a verbatim text (tvz,hv)
(c:/Users/McNamaLA/AppData/Roaming/TinyTeX/texmf-dist/tex/latex/graphics/keyval.sty
Package: keyval 2022/05/29 v1.15 key=value parser (DPC)
\KV@toks@=\toks23
)
\FV@CodeLineNo=\count272
\FV@InFile=\read2
\FV@TabBox=\box53
\c@FancyVerbLine=\count273
\FV@StepNumber=\count274
\FV@OutFile=\write3
) (c:/Users/McNamaLA/AppData/Roaming/TinyTeX/texmf-dist/tex/latex/framed/framed.sty
Package: framed 2011/10/22 v 0.96: framed or shaded text with page breaks
\OuterFrameSep=\skip53
\fb@frw=\dimen150
\fb@frh=\dimen151
\FrameRule=\dimen152
\FrameSep=\dimen153
) (c:/Users/McNamaLA/AppData/Roaming/TinyTeX/texmf-dist/tex/latex/tools/longtable.sty
Package: longtable 2021-09-01 v4.17 Multi-page Table package (DPC)
\LTleft=\skip54
\LTright=\skip55
\LTpre=\skip56
\LTpost=\skip57
\LTchunksize=\count275
\LTcapwidth=\dimen154
\LT@head=\box54
\LT@firsthead=\box55
\LT@foot=\box56
\LT@lastfoot=\box57
\LT@gbox=\box58
\LT@cols=\count276
\LT@rows=\count277
\c@LT@tables=\count278
\c@LT@chunks=\count279
\LT@p@ftn=\toks24
) (c:/Users/McNamaLA/AppData/Roaming/TinyTeX/texmf-dist/tex/latex/booktabs/booktabs.sty
Package: booktabs 2020/01/12 v1.61803398 Publication quality tables
\heavyrulewidth=\dimen155
\lightrulewidth=\dimen156
\cmidrulewidth=\dimen157
\belowrulesep=\dimen158
\belowbottomsep=\dimen159
\aboverulesep=\dimen160
\abovetopsep=\dimen161
\cmidrulesep=\dimen162
\cmidrulekern=\dimen163
\defaultaddspace=\dimen164
\@cmidla=\count280
\@cmidlb=\count281
\@aboverulesep=\dimen165
\@belowrulesep=\dimen166
\@thisruleclass=\count282
\@lastruleclass=\count283
\@thisrulewidth=\dimen167
) (c:/Users/McNamaLA/AppData/Roaming/TinyTeX/texmf-dist/tex/latex/tools/array.sty
Package: array 2022/09/04 v2.5g Tabular extension package (FMi)
\col@sep=\dimen168
\ar@mcellbox=\box59
\extrarowheight=\dimen169
\NC@list=\toks25
\extratabsurround=\skip58
\backup@length=\skip59
\ar@cellbox=\box60
) (c:/Users/McNamaLA/AppData/Roaming/TinyTeX/texmf-dist/tex/latex/tools/calc.sty
Package: calc 2017/05/25 v4.3 Infix arithmetic (KKT,FJ)
\calc@Acount=\count284
\calc@Bcount=\count285
\calc@Adimen=\dimen170
\calc@Bdimen=\dimen171
\calc@Askip=\skip60
\calc@Bskip=\skip61
LaTeX Info: Redefining \setlength on input line 80.
LaTeX Info: Redefining \addtolength on input line 81.
\calc@Ccount=\count286
\calc@Cskip=\skip62
) (c:/Users/McNamaLA/AppData/Roaming/TinyTeX/texmf-dist/tex/latex/etoolbox/etoolbox.sty
Package: etoolbox 2020/10/05 v2.5k e-TeX tools for LaTeX (JAW)
\etb@tempcnta=\count287
) (c:/Users/McNamaLA/AppData/Roaming/TinyTeX/texmf-dist/tex/latex/mdwtools/footnote.sty
Package: footnote 1997/01/28 1.13 Save footnotes around boxes
\fn@notes=\box61
\fn@width=\dimen172
) (c:/Users/McNamaLA/AppData/Roaming/TinyTeX/texmf-dist/tex/latex/graphics/graphicx.sty
Package: graphicx 2021/09/16 v1.2d Enhanced LaTeX Graphics (DPC,SPQR)
(c:/Users/McNamaLA/AppData/Roaming/TinyTeX/texmf-dist/tex/latex/graphics/graphics.sty
Package: graphics 2022/03/10 v1.4e Standard LaTeX Graphics (DPC,SPQR)
(c:/Users/McNamaLA/AppData/Roaming/TinyTeX/texmf-dist/tex/latex/graphics/trig.sty
Package: trig 2021/08/11 v1.11 sin cos tan (DPC)
) (c:/Users/McNamaLA/AppData/Roaming/TinyTeX/texmf-dist/tex/latex/graphics-cfg/graphics.cfg
File: graphics.cfg 2016/06/04 v1.11 sample graphics configuration
)
Package graphics Info: Driver file: pdftex.def on input line 107.
)
\Gin@req@height=\dimen173
\Gin@req@width=\dimen174
)
\cslhangindent=\skip63
\csllabelwidth=\skip64
\cslentryspacingunit=\skip65
(c:/Users/McNamaLA/AppData/Roaming/TinyTeX/texmf-dist/tex/latex/multirow/multirow.sty
Package: multirow 2021/03/15 v2.8 Span multiple rows of a table
\multirow@colwidth=\skip66
\multirow@cntb=\count288
\multirow@dima=\skip67
\bigstrutjot=\dimen175
) (c:/Users/McNamaLA/AppData/Roaming/TinyTeX/texmf-dist/tex/latex/tools/multicol.sty
Package: multicol 2021/11/30 v1.9d multicolumn formatting (FMi)
\c@tracingmulticols=\count289
\mult@box=\box62
\multicol@leftmargin=\dimen176
\c@unbalance=\count290
\c@collectmore=\count291
\doublecol@number=\count292
\multicoltolerance=\count293
\multicolpretolerance=\count294
\full@width=\dimen177
\page@free=\dimen178
\premulticols=\dimen179
\postmulticols=\dimen180
\multicolsep=\skip68
\multicolbaselineskip=\skip69
\partial@page=\box63
\last@line=\box64
\maxbalancingoverflow=\dimen181
\mult@rightbox=\box65
\mult@grightbox=\box66
\mult@firstbox=\box67
\mult@gfirstbox=\box68
\@tempa=\box69
\@tempa=\box70
\@tempa=\box71
\@tempa=\box72
\@tempa=\box73
\@tempa=\box74
\@tempa=\box75
\@tempa=\box76
\@tempa=\box77
\@tempa=\box78
\@tempa=\box79
\@tempa=\box80
\@tempa=\box81
\@tempa=\box82
\@tempa=\box83
\@tempa=\box84
\@tempa=\box85
\@tempa=\box86
\@tempa=\box87
\@tempa=\box88
\@tempa=\box89
\@tempa=\box90
\@tempa=\box91
\@tempa=\box92
\@tempa=\box93
\@tempa=\box94
\@tempa=\box95
\@tempa=\box96
\@tempa=\box97
\@tempa=\box98
\@tempa=\box99
\@tempa=\box100
\@tempa=\box101
\@tempa=\box102
\@tempa=\box103
\@tempa=\box104
\c@minrows=\count295
\c@columnbadness=\count296
\c@finalcolumnbadness=\count297
\last@try=\dimen182
\multicolovershoot=\dimen183
\multicolundershoot=\dimen184
\mult@nat@firstbox=\box105
\colbreak@box=\box106
\mc@col@check@num=\count298
) (c:/Users/McNamaLA/AppData/Roaming/TinyTeX/texmf-dist/tex/latex/colortbl/colortbl.sty
Package: colortbl 2022/06/20 v1.0f Color table columns (DPC)
\everycr=\toks26
\minrowclearance=\skip70
\rownum=\count299
) (c:/Users/McNamaLA/AppData/Roaming/TinyTeX/texmf-dist/tex/latex/tools/hhline.sty
Package: hhline 2020/01/04 v2.04 Table rule package (DPC)
)
\Oldarrayrulewidth=\skip71
\Oldtabcolsep=\skip72
(c:/Users/McNamaLA/AppData/Roaming/TinyTeX/texmf-dist/tex/latex/float/float.sty
Package: float 2001/11/08 v1.3d Float enhancements (AL)
\c@float@type=\count300
\float@exts=\toks27
\float@box=\box107
\@float@everytoks=\toks28
\@floatcapt=\box108
) (c:/Users/McNamaLA/AppData/Roaming/TinyTeX/texmf-dist/tex/latex/wrapfig/wrapfig.sty
\wrapoverhang=\dimen185
\WF@size=\dimen186
\c@WF@wrappedlines=\count301
\WF@box=\box109
\WF@everypar=\toks29
Package: wrapfig 2003/01/31  v 3.6
) (c:/Users/McNamaLA/AppData/Roaming/TinyTeX/texmf-dist/tex/latex/hyperref/hyperref.sty
Package: hyperref 2023-02-07 v7.00v Hypertext links for LaTeX
(c:/Users/McNamaLA/AppData/Roaming/TinyTeX/texmf-dist/tex/generic/ltxcmds/ltxcmds.sty
Package: ltxcmds 2020-05-10 v1.25 LaTeX kernel commands for general use (HO)
) (c:/Users/McNamaLA/AppData/Roaming/TinyTeX/texmf-dist/tex/generic/pdftexcmds/pdftexcmds.sty
Package: pdftexcmds 2020-06-27 v0.33 Utility functions of pdfTeX for LuaTeX (HO)
(c:/Users/McNamaLA/AppData/Roaming/TinyTeX/texmf-dist/tex/generic/infwarerr/infwarerr.sty
Package: infwarerr 2019/12/03 v1.5 Providing info/warning/error messages (HO)
)
Package pdftexcmds Info: \pdf@primitive is available.
Package pdftexcmds Info: \pdf@ifprimitive is available.
Package pdftexcmds Info: \pdfdraftmode found.
) (c:/Users/McNamaLA/AppData/Roaming/TinyTeX/texmf-dist/tex/latex/kvsetkeys/kvsetkeys.sty
Package: kvsetkeys 2022-10-05 v1.19 Key value parser (HO)
) (c:/Users/McNamaLA/AppData/Roaming/TinyTeX/texmf-dist/tex/generic/kvdefinekeys/kvdefinekeys.sty
Package: kvdefinekeys 2019-12-19 v1.6 Define keys (HO)
) (c:/Users/McNamaLA/AppData/Roaming/TinyTeX/texmf-dist/tex/generic/pdfescape/pdfescape.sty
Package: pdfescape 2019/12/09 v1.15 Implements pdfTeX's escape features (HO)
) (c:/Users/McNamaLA/AppData/Roaming/TinyTeX/texmf-dist/tex/latex/hycolor/hycolor.sty
Package: hycolor 2020-01-27 v1.10 Color options for hyperref/bookmark (HO)
) (c:/Users/McNamaLA/AppData/Roaming/TinyTeX/texmf-dist/tex/latex/letltxmacro/letltxmacro.sty
Package: letltxmacro 2019/12/03 v1.6 Let assignment for LaTeX macros (HO)
) (c:/Users/McNamaLA/AppData/Roaming/TinyTeX/texmf-dist/tex/latex/auxhook/auxhook.sty
Package: auxhook 2019-12-17 v1.6 Hooks for auxiliary files (HO)
) (c:/Users/McNamaLA/AppData/Roaming/TinyTeX/texmf-dist/tex/latex/hyperref/nameref.sty
Package: nameref 2022-05-17 v2.50 Cross-referencing by name of section
(c:/Users/McNamaLA/AppData/Roaming/TinyTeX/texmf-dist/tex/latex/refcount/refcount.sty
Package: refcount 2019/12/15 v3.6 Data extraction from label references (HO)
) (c:/Users/McNamaLA/AppData/Roaming/TinyTeX/texmf-dist/tex/generic/gettitlestring/gettitlestring.sty
Package: gettitlestring 2019/12/15 v1.6 Cleanup title references (HO)
(c:/Users/McNamaLA/AppData/Roaming/TinyTeX/texmf-dist/tex/latex/kvoptions/kvoptions.sty
Package: kvoptions 2022-06-15 v3.15 Key value format for package options (HO)
))
\c@section@level=\count302
)
\@linkdim=\dimen187
\Hy@linkcounter=\count303
\Hy@pagecounter=\count304
(c:/Users/McNamaLA/AppData/Roaming/TinyTeX/texmf-dist/tex/latex/hyperref/pd1enc.def
File: pd1enc.def 2023-02-07 v7.00v Hyperref: PDFDocEncoding definition (HO)
Now handling font encoding PD1 ...
... no UTF-8 mapping file for font encoding PD1
) (c:/Users/McNamaLA/AppData/Roaming/TinyTeX/texmf-dist/tex/generic/intcalc/intcalc.sty
Package: intcalc 2019/12/15 v1.3 Expandable calculations with integers (HO)
) (c:/Users/McNamaLA/AppData/Roaming/TinyTeX/texmf-dist/tex/generic/etexcmds/etexcmds.sty
Package: etexcmds 2019/12/15 v1.7 Avoid name clashes with e-TeX commands (HO)
)
\Hy@SavedSpaceFactor=\count305
(c:/Users/McNamaLA/AppData/Roaming/TinyTeX/texmf-dist/tex/latex/hyperref/puenc.def
File: puenc.def 2023-02-07 v7.00v Hyperref: PDF Unicode definition (HO)
Now handling font encoding PU ...
... no UTF-8 mapping file for font encoding PU
)
Package hyperref Info: Option `unicode' set `true' on input line 4060.
Package hyperref Info: Hyper figures OFF on input line 4177.
Package hyperref Info: Link nesting OFF on input line 4182.
Package hyperref Info: Hyper index ON on input line 4185.
Package hyperref Info: Plain pages OFF on input line 4192.
Package hyperref Info: Backreferencing OFF on input line 4197.
Package hyperref Info: Implicit mode ON; LaTeX internals redefined.
Package hyperref Info: Bookmarks ON on input line 4425.
\c@Hy@tempcnt=\count306
(c:/Users/McNamaLA/AppData/Roaming/TinyTeX/texmf-dist/tex/latex/url/url.sty
\Urlmuskip=\muskip17
Package: url 2013/09/16  ver 3.4  Verb mode for urls, etc.
)
LaTeX Info: Redefining \url on input line 4763.
\XeTeXLinkMargin=\dimen188
(c:/Users/McNamaLA/AppData/Roaming/TinyTeX/texmf-dist/tex/generic/bitset/bitset.sty
Package: bitset 2019/12/09 v1.3 Handle bit-vector datatype (HO)
(c:/Users/McNamaLA/AppData/Roaming/TinyTeX/texmf-dist/tex/generic/bigintcalc/bigintcalc.sty
Package: bigintcalc 2019/12/15 v1.5 Expandable calculations on big integers (HO)
))
\Fld@menulength=\count307
\Field@Width=\dimen189
\Fld@charsize=\dimen190
Package hyperref Info: Hyper figures OFF on input line 6042.
Package hyperref Info: Link nesting OFF on input line 6047.
Package hyperref Info: Hyper index ON on input line 6050.
Package hyperref Info: backreferencing OFF on input line 6057.
Package hyperref Info: Link coloring OFF on input line 6062.
Package hyperref Info: Link coloring with OCG OFF on input line 6067.
Package hyperref Info: PDF/A mode OFF on input line 6072.
(c:/Users/McNamaLA/AppData/Roaming/TinyTeX/texmf-dist/tex/latex/base/atbegshi-ltx.sty
Package: atbegshi-ltx 2021/01/10 v1.0c Emulation of the original atbegshi
package with kernel methods
)
\Hy@abspage=\count308
\c@Item=\count309
\c@Hfootnote=\count310
)
Package hyperref Info: Driver (autodetected): hpdftex.
(c:/Users/McNamaLA/AppData/Roaming/TinyTeX/texmf-dist/tex/latex/hyperref/hpdftex.def
File: hpdftex.def 2023-02-07 v7.00v Hyperref driver for pdfTeX
(c:/Users/McNamaLA/AppData/Roaming/TinyTeX/texmf-dist/tex/latex/base/atveryend-ltx.sty
Package: atveryend-ltx 2020/08/19 v1.0a Emulation of the original atveryend package
with kernel methods
)
\Fld@listcount=\count311
\c@bookmark@seq@number=\count312
(c:/Users/McNamaLA/AppData/Roaming/TinyTeX/texmf-dist/tex/latex/rerunfilecheck/rerunfilecheck.sty
Package: rerunfilecheck 2022-07-10 v1.10 Rerun checks for auxiliary files (HO)
(c:/Users/McNamaLA/AppData/Roaming/TinyTeX/texmf-dist/tex/generic/uniquecounter/uniquecounter.sty
Package: uniquecounter 2019/12/15 v1.4 Provide unlimited unique counter (HO)
)
Package uniquecounter Info: New unique counter `rerunfilecheck' on input line 285.
)
\Hy@SectionHShift=\skip73
) (c:/Users/McNamaLA/AppData/Roaming/TinyTeX/texmf-dist/tex/latex/caption/caption.sty
Package: caption 2022/03/01 v3.6b Customizing captions (AR)
(c:/Users/McNamaLA/AppData/Roaming/TinyTeX/texmf-dist/tex/latex/caption/caption3.sty
Package: caption3 2022/03/17 v2.3b caption3 kernel (AR)
\caption@tempdima=\dimen191
\captionmargin=\dimen192
\caption@leftmargin=\dimen193
\caption@rightmargin=\dimen194
\caption@width=\dimen195
\caption@indent=\dimen196
\caption@parindent=\dimen197
\caption@hangindent=\dimen198
Package caption Info: Standard document class detected.
)
\c@caption@flags=\count313
\c@continuedfloat=\count314
Package caption Info: float package is loaded.
Package caption Info: hyperref package is loaded.
Package caption Info: longtable package is loaded.
(c:/Users/McNamaLA/AppData/Roaming/TinyTeX/texmf-dist/tex/latex/caption/ltcaption.sty
Package: ltcaption 2021/01/08 v1.4c longtable captions (AR)
)
Package caption Info: wrapfig package is loaded.
) (c:/Users/McNamaLA/AppData/Roaming/TinyTeX/texmf-dist/tex/latex/l3backend/l3backend-pdftex.def
File: l3backend-pdftex.def 2023-01-16 L3 backend support: PDF output (pdfTeX)
\l__color_backend_stack_int=\count315
\l__pdf_internal_box=\box110
)
No file _main.aux.
\openout1 = `_main.aux'.

LaTeX Font Info:    Checking defaults for OML/cmm/m/it on input line 156.
LaTeX Font Info:    ... okay on input line 156.
LaTeX Font Info:    Checking defaults for OMS/cmsy/m/n on input line 156.
LaTeX Font Info:    ... okay on input line 156.
LaTeX Font Info:    Checking defaults for OT1/cmr/m/n on input line 156.
LaTeX Font Info:    ... okay on input line 156.
LaTeX Font Info:    Checking defaults for T1/cmr/m/n on input line 156.
LaTeX Font Info:    ... okay on input line 156.
LaTeX Font Info:    Checking defaults for TS1/cmr/m/n on input line 156.
LaTeX Font Info:    ... okay on input line 156.
LaTeX Font Info:    Checking defaults for OMX/cmex/m/n on input line 156.
LaTeX Font Info:    ... okay on input line 156.
LaTeX Font Info:    Checking defaults for U/cmr/m/n on input line 156.
LaTeX Font Info:    ... okay on input line 156.
LaTeX Font Info:    Checking defaults for PD1/pdf/m/n on input line 156.
LaTeX Font Info:    ... okay on input line 156.
LaTeX Font Info:    Checking defaults for PU/pdf/m/n on input line 156.
LaTeX Font Info:    ... okay on input line 156.
(c:/Users/McNamaLA/AppData/Roaming/TinyTeX/texmf-dist/tex/latex/epstopdf-pkg/epstopdf-base.sty
Package: epstopdf-base 2020-01-24 v2.11 Base part for package epstopdf
Package epstopdf-base Info: Redefining graphics rule for `.eps' on input line 485.
(c:/Users/McNamaLA/AppData/Roaming/TinyTeX/texmf-dist/tex/latex/latexconfig/epstopdf-sys.cfg
File: epstopdf-sys.cfg 2010/07/13 v1.3 Configuration of (r)epstopdf for TeX Live
))
Package hyperref Info: Link coloring OFF on input line 156.
\@outlinefile=\write4
\openout4 = `_main.out'.

Package caption Info: Begin \AtBeginDocument code.
Package caption Info: End \AtBeginDocument code.
LaTeX Font Info:    Trying to load font information for OT1+lmr on input line 158.
(c:/Users/McNamaLA/AppData/Roaming/TinyTeX/texmf-dist/tex/latex/lm/ot1lmr.fd
File: ot1lmr.fd 2015/05/01 v1.6.1 Font defs for Latin Modern
)
LaTeX Font Info:    Trying to load font information for OML+lmm on input line 158.
(c:/Users/McNamaLA/AppData/Roaming/TinyTeX/texmf-dist/tex/latex/lm/omllmm.fd
File: omllmm.fd 2015/05/01 v1.6.1 Font defs for Latin Modern
)
LaTeX Font Info:    Trying to load font information for OMS+lmsy on input line 158.
(c:/Users/McNamaLA/AppData/Roaming/TinyTeX/texmf-dist/tex/latex/lm/omslmsy.fd
File: omslmsy.fd 2015/05/01 v1.6.1 Font defs for Latin Modern
)
LaTeX Font Info:    Trying to load font information for OMX+lmex on input line 158.
(c:/Users/McNamaLA/AppData/Roaming/TinyTeX/texmf-dist/tex/latex/lm/omxlmex.fd
File: omxlmex.fd 2015/05/01 v1.6.1 Font defs for Latin Modern
)
LaTeX Font Info:    External font `lmex10' loaded for size
(Font)              <12> on input line 158.
LaTeX Font Info:    External font `lmex10' loaded for size
(Font)              <8> on input line 158.
LaTeX Font Info:    External font `lmex10' loaded for size
(Font)              <6> on input line 158.
LaTeX Font Info:    Trying to load font information for U+msa on input line 158.
(c:/Users/McNamaLA/AppData/Roaming/TinyTeX/texmf-dist/tex/latex/amsfonts/umsa.fd
File: umsa.fd 2013/01/14 v3.01 AMS symbols A
)
LaTeX Font Info:    Trying to load font information for U+msb on input line 158.
(c:/Users/McNamaLA/AppData/Roaming/TinyTeX/texmf-dist/tex/latex/amsfonts/umsb.fd
File: umsb.fd 2013/01/14 v3.01 AMS symbols B
) [1


{c:/Users/McNamaLA/AppData/Roaming/TinyTeX/texmf-var/fonts/map/pdftex/updmap/pdftex.map}] [2

]
No file _main.toc.
\tf@toc=\write5
\openout5 = `_main.toc'.

[3] [4

]
<images/2788.jpg, id=28, 905.48288pt x 594.11963pt>
File: images/2788.jpg Graphic file (type jpg)
<use images/2788.jpg>
Package pdftex.def Info: images/2788.jpg  used on input line 167.
(pdftex.def)             Requested size: 344.99896pt x 226.36612pt.
LaTeX Font Info:    Trying to load font information for T1+lmtt on input line 175.
(c:/Users/McNamaLA/AppData/Roaming/TinyTeX/texmf-dist/tex/latex/lm/t1lmtt.fd
File: t1lmtt.fd 2015/05/01 v1.6.1 Font defs for Latin Modern
)
Overfull \hbox (326.99805pt too wide) in paragraph at lines 179--179
[]\T1/lmtt/m/n/10 ## Warning: fonts used in `flextable` are ignored because the `pdflatex` engine is used and not `xelatex` or `lualatex`. You can[] 
 []


Overfull \hbox (311.2481pt too wide) in paragraph at lines 179--179
[]\T1/lmtt/m/n/10 ## avoid this warning by using the `set_flextable_defaults(fonts_ignore=TRUE)` command or use a compatible engine by defining[] 
 []


Overfull \hbox (38.24889pt too wide) in paragraph at lines 179--179
[]\T1/lmtt/m/n/10 ## `latex_engine: xelatex` in the YAML header of the R Markdown document.[] 
 []


Overfull \hbox (45.25864pt too wide) in alignment at lines 193--253
 [] [] [] [] 
 []

[5 <./images/2788.jpg>]
<images/map.jpg, id=39, 167.6664pt x 175.6161pt>
File: images/map.jpg Graphic file (type jpg)
<use images/map.jpg>
Package pdftex.def Info: images/map.jpg  used on input line 266.
(pdftex.def)             Requested size: 293.26706pt x 307.17201pt.
[6 <./images/map.jpg>] [7] [8

]
File: images/2788.jpg Graphic file (type jpg)
<use images/2788.jpg>
Package pdftex.def Info: images/2788.jpg  used on input line 291.
(pdftex.def)             Requested size: 344.99896pt x 226.36612pt.

Overfull \hbox (326.99805pt too wide) in paragraph at lines 303--303
[]\T1/lmtt/m/n/10 ## Warning: fonts used in `flextable` are ignored because the `pdflatex` engine is used and not `xelatex` or `lualatex`. You can[] 
 []


Overfull \hbox (311.2481pt too wide) in paragraph at lines 303--303
[]\T1/lmtt/m/n/10 ## avoid this warning by using the `set_flextable_defaults(fonts_ignore=TRUE)` command or use a compatible engine by defining[] 
 []


Overfull \hbox (38.24889pt too wide) in paragraph at lines 303--303
[]\T1/lmtt/m/n/10 ## `latex_engine: xelatex` in the YAML header of the R Markdown document.[] 
 []


Overfull \hbox (45.25864pt too wide) in alignment at lines 317--377
 [] [] [] [] 
 []

[9]
pdfTeX warning (ext4): destination with the same identifier (name{top_container}) has been already used, duplicate ignored
<to be read again> 
                   \relax 
l.389 ...vadjust pre{\hypertarget{top_container}{}
                                                  }%
File: images/map.jpg Graphic file (type jpg)
<use images/map.jpg>
Package pdftex.def Info: images/map.jpg  used on input line 390.
(pdftex.def)             Requested size: 293.26706pt x 307.17201pt.

pdfTeX warning (ext4): destination with the same identifier (name{top_right}) has been already used, duplicate ignored
<to be read again> 
                   \relax 
l.392 ...ode\vadjust pre{\hypertarget{top_right}{}
                                                  }% [10] [11] [12

]
Chapter 1.
[13] [14]
LaTeX Font Info:    External font `lmex10' loaded for size
(Font)              <10> on input line 463.
LaTeX Font Info:    External font `lmex10' loaded for size
(Font)              <7> on input line 463.
LaTeX Font Info:    External font `lmex10' loaded for size
(Font)              <5> on input line 463.
[15] [16] [17] [18

]
Chapter 2.
<images/3746.jpg, id=142, 724.3863pt x 474.3321pt>
File: images/3746.jpg Graphic file (type jpg)
<use images/3746.jpg>
Package pdftex.def Info: images/3746.jpg  used on input line 483.
(pdftex.def)             Requested size: 345.00449pt x 225.91081pt.
LaTeX Font Info:    Trying to load font information for TS1+lmr on input line 491.
(c:/Users/McNamaLA/AppData/Roaming/TinyTeX/texmf-dist/tex/latex/lm/ts1lmr.fd
File: ts1lmr.fd 2015/05/01 v1.6.1 Font defs for Latin Modern
) [19 <./images/3746.jpg>]

LaTeX Warning: Reference `tab:tab-demographic-assumptions' on page 20 undefined on input line 502.

[20]

LaTeX Warning: Reference `fig:figure-demographics' on page 21 undefined on input line 506.

[21] [22]
Chapter 3.
<images//3090.jpg, id=170, 706.3188pt x 481.8pt>
File: images//3090.jpg Graphic file (type jpg)
<use images//3090.jpg>
Package pdftex.def Info: images//3090.jpg  used on input line 593.
(pdftex.def)             Requested size: 344.99992pt x 235.33418pt.

Underfull \vbox (badness 10000) has occurred while \output is active []

[23

 <./images//3090.jpg>] [24]

LaTeX Warning: Reference `tab:tab-residential-energy' on page 25 undefined on input line 633.

[25] [26] [27]
Overfull \hbox (104.85507pt too wide) detected at line 775
[]\OML/lmm/m/it/10 kgCO[]e[] \OT1/lmr/m/n/10 = []\OML/lmm/m/it/10 sqft[] \OMS/lmsy/m/n/10 ^^C []
 []

[28]
<_main_files/figure-latex/unnamed-chunk-43-1.pdf, id=218, 469.755pt x 325.215pt>
File: _main_files/figure-latex/unnamed-chunk-43-1.pdf Graphic file (type pdf)
<use _main_files/figure-latex/unnamed-chunk-43-1.pdf>
Package pdftex.def Info: _main_files/figure-latex/unnamed-chunk-43-1.pdf  used on input line 833.
(pdftex.def)             Requested size: 344.997pt x 238.84406pt.
[29] [30 <./_main_files/figure-latex/unnamed-chunk-43-1.pdf>] [31]
Overfull \hbox (104.85507pt too wide) detected at line 905
[]\OML/lmm/m/it/10 kgCO[]e[] \OT1/lmr/m/n/10 = []\OML/lmm/m/it/10 sqft[] \OMS/lmsy/m/n/10 ^^C []
 []

[32]
<_main_files/figure-latex/unnamed-chunk-46-1.pdf, id=243, 469.755pt x 325.215pt>
File: _main_files/figure-latex/unnamed-chunk-46-1.pdf Graphic file (type pdf)
<use _main_files/figure-latex/unnamed-chunk-46-1.pdf>
Package pdftex.def Info: _main_files/figure-latex/unnamed-chunk-46-1.pdf  used on input line 963.
(pdftex.def)             Requested size: 344.997pt x 238.84406pt.
[33 <./_main_files/figure-latex/unnamed-chunk-46-1.pdf>] [34]
Overfull \hbox (104.85507pt too wide) detected at line 1034
[]\OML/lmm/m/it/10 kgCO[]e[] \OT1/lmr/m/n/10 = []\OML/lmm/m/it/10 sqft[] \OMS/lmsy/m/n/10 ^^C []
 []

[35]
<_main_files/figure-latex/unnamed-chunk-50-1.pdf, id=265, 469.755pt x 325.215pt>
File: _main_files/figure-latex/unnamed-chunk-50-1.pdf Graphic file (type pdf)
<use _main_files/figure-latex/unnamed-chunk-50-1.pdf>
Package pdftex.def Info: _main_files/figure-latex/unnamed-chunk-50-1.pdf  used on input line 1092.
(pdftex.def)             Requested size: 344.997pt x 238.84406pt.
[36 <./_main_files/figure-latex/unnamed-chunk-50-1.pdf>] [37]
Overfull \hbox (129.61133pt too wide) detected at line 1165
[]\OML/lmm/m/it/10 kgCO[]e[] \OT1/lmr/m/n/10 = []\OML/lmm/m/it/10 sqft[] \OMS/lmsy/m/n/10 ^^C []\OT1/lmr/m/n/10 )
 []

[38]
<_main_files/figure-latex/unnamed-chunk-54-1.pdf, id=291, 469.755pt x 325.215pt>
File: _main_files/figure-latex/unnamed-chunk-54-1.pdf Graphic file (type pdf)
<use _main_files/figure-latex/unnamed-chunk-54-1.pdf>
Package pdftex.def Info: _main_files/figure-latex/unnamed-chunk-54-1.pdf  used on input line 1223.
(pdftex.def)             Requested size: 344.997pt x 238.84406pt.
[39 <./_main_files/figure-latex/unnamed-chunk-54-1.pdf>] [40]
<_main_files/figure-latex/unnamed-chunk-58-1.pdf, id=307, 469.755pt x 325.215pt>
File: _main_files/figure-latex/unnamed-chunk-58-1.pdf Graphic file (type pdf)
<use _main_files/figure-latex/unnamed-chunk-58-1.pdf>
Package pdftex.def Info: _main_files/figure-latex/unnamed-chunk-58-1.pdf  used on input line 1315.
(pdftex.def)             Requested size: 344.997pt x 238.84406pt.
[41 <./_main_files/figure-latex/unnamed-chunk-58-1.pdf>]
Overfull \hbox (152.93417pt too wide) detected at line 1378
[]\OML/lmm/m/it/10 kgCO[]e[] \OT1/lmr/m/n/10 = []\OML/lmm/m/it/10 sqft[] \OMS/lmsy/m/n/10 ^^C []
 []

[42]
<_main_files/figure-latex/unnamed-chunk-62-1.pdf, id=323, 469.755pt x 325.215pt>
File: _main_files/figure-latex/unnamed-chunk-62-1.pdf Graphic file (type pdf)
<use _main_files/figure-latex/unnamed-chunk-62-1.pdf>
Package pdftex.def Info: _main_files/figure-latex/unnamed-chunk-62-1.pdf  used on input line 1435.
(pdftex.def)             Requested size: 344.997pt x 238.84406pt.
[43]
Overfull \hbox (38.19276pt too wide) detected at line 1466
[]\OML/lmm/m/it/10 kgCO[]e[] \OT1/lmr/m/n/10 = []\OML/lmm/m/it/10 MWh[] \OMS/lmsy/m/n/10 ^^C [] ^^C \OT1/lmr/m/n/10 (1 \OMS/lmsy/m/n/10 ^^@ \OML/lmm/m/it/10 x\OT1/lmr/m/n/10 )
 []

[44 <./_main_files/figure-latex/unnamed-chunk-62-1.pdf>]
<_main_files/figure-latex/unnamed-chunk-64-1.pdf, id=340, 469.755pt x 325.215pt>
File: _main_files/figure-latex/unnamed-chunk-64-1.pdf Graphic file (type pdf)
<use _main_files/figure-latex/unnamed-chunk-64-1.pdf>
Package pdftex.def Info: _main_files/figure-latex/unnamed-chunk-64-1.pdf  used on input line 1520.
(pdftex.def)             Requested size: 344.997pt x 238.84406pt.
[45] [46 <./_main_files/figure-latex/unnamed-chunk-64-1.pdf>]
Overfull \hbox (105.05717pt too wide) detected at line 1538
[]\OML/lmm/m/it/10 kgCO[]e[] \OT1/lmr/m/n/10 = \OML/lmm/m/it/10 term[] \OMS/lmsy/m/n/10 ^^@ [] ^^C []
 []


Overfull \hbox (85.86197pt too wide) detected at line 1543
[]\OML/lmm/m/it/10 kgCO[]e[] \OT1/lmr/m/n/10 = \OML/lmm/m/it/10 term[] \OMS/lmsy/m/n/10 ^^@ [] ^^C []
 []

[47] [48]

LaTeX Warning: Reference `tab:tab-non-residential-energy' on page 49 undefined on input line 1629.

[49]

LaTeX Warning: Reference `tab:tab-non-residential-energy' on page 50 undefined on input line 1687.

[50]
Overfull \hbox (211.9959pt too wide) detected at line 1711
[]\OML/lmm/m/it/10 kgCO[]e[] \OT1/lmr/m/n/10 = \OML/lmm/m/it/10 x \OMS/lmsy/m/n/10 ^^C \OML/lmm/m/it/10 jobs[] \OMS/lmsy/m/n/10 ^^C \OT1/lmr/m/n/10 0\OML/lmm/m/it/10 :\OT1/lmr/m/n/10 25 \OMS/lmsy/m/n/10 ^^C []
 []

[51]
<_main_files/figure-latex/unnamed-chunk-67-1.pdf, id=387, 469.755pt x 325.215pt>
File: _main_files/figure-latex/unnamed-chunk-67-1.pdf Graphic file (type pdf)
<use _main_files/figure-latex/unnamed-chunk-67-1.pdf>
Package pdftex.def Info: _main_files/figure-latex/unnamed-chunk-67-1.pdf  used on input line 1782.
(pdftex.def)             Requested size: 344.997pt x 238.84406pt.

Underfull \vbox (badness 10000) has occurred while \output is active []

[52]
Overfull \hbox (27.95494pt too wide) detected at line 1795
[]\OML/lmm/m/it/10 kgCO[]e[] \OT1/lmr/m/n/10 = \OML/lmm/m/it/10 x \OMS/lmsy/m/n/10 ^^C [] ^^C []
 []

[53 <./_main_files/figure-latex/unnamed-chunk-67-1.pdf>]
<_main_files/figure-latex/unnamed-chunk-68-1.pdf, id=405, 469.755pt x 325.215pt>
File: _main_files/figure-latex/unnamed-chunk-68-1.pdf Graphic file (type pdf)
<use _main_files/figure-latex/unnamed-chunk-68-1.pdf>
Package pdftex.def Info: _main_files/figure-latex/unnamed-chunk-68-1.pdf  used on input line 1863.
(pdftex.def)             Requested size: 344.997pt x 238.84406pt.
[54]
Overfull \hbox (184.07765pt too wide) detected at line 1874
[]\OML/lmm/m/it/10 kgCO[]e[] \OT1/lmr/m/n/10 = [] \OMS/lmsy/m/n/10 ^^C \OML/lmm/m/it/10 x \OMS/lmsy/m/n/10 ^^C []
 []

[55 <./_main_files/figure-latex/unnamed-chunk-68-1.pdf>]
<_main_files/figure-latex/unnamed-chunk-70-1.pdf, id=423, 469.755pt x 325.215pt>
File: _main_files/figure-latex/unnamed-chunk-70-1.pdf Graphic file (type pdf)
<use _main_files/figure-latex/unnamed-chunk-70-1.pdf>
Package pdftex.def Info: _main_files/figure-latex/unnamed-chunk-70-1.pdf  used on input line 1944.
(pdftex.def)             Requested size: 344.997pt x 238.84406pt.
[56]
Overfull \hbox (220.91469pt too wide) detected at line 1955
[]\OML/lmm/m/it/10 kgCO\OT1/lmr/m/n/10 2\OML/lmm/m/it/10 e[] \OT1/lmr/m/n/10 = (\OML/lmm/m/it/10 jobs[] \OMS/lmsy/m/n/10 ^^C \OML/lmm/m/it/10 MWh[] \OT1/lmr/m/n/10 + \OML/lmm/m/it/10 jobs[] \OMS/lmsy/m/n/10 ^^C \OML/lmm/m/it/10 MWh[]\OT1/lmr/m/n/10 ) \OMS/lmsy/m/n/10 ^^C [] ^^C \OML/lmm/m/it/10 x
 []

[57 <./_main_files/figure-latex/unnamed-chunk-70-1.pdf>]
<_main_files/figure-latex/unnamed-chunk-71-1.pdf, id=439, 469.755pt x 325.215pt>
File: _main_files/figure-latex/unnamed-chunk-71-1.pdf Graphic file (type pdf)
<use _main_files/figure-latex/unnamed-chunk-71-1.pdf>
Package pdftex.def Info: _main_files/figure-latex/unnamed-chunk-71-1.pdf  used on input line 2026.
(pdftex.def)             Requested size: 344.997pt x 238.84406pt.
[58] [59 <./_main_files/figure-latex/unnamed-chunk-71-1.pdf>] [60

]
Chapter 4.
<images//2724.jpg, id=458, 721.7364pt x 481.8pt>
File: images//2724.jpg Graphic file (type jpg)
<use images//2724.jpg>
Package pdftex.def Info: images//2724.jpg  used on input line 2031.
(pdftex.def)             Requested size: 344.99786pt x 230.30565pt.
[61 <./images//2724.jpg>]
Underfull \hbox (badness 10000) in paragraph at lines 2074--2076

 []


Underfull \hbox (badness 10000) in paragraph at lines 2076--2078

 []

[62]
Underfull \hbox (badness 10000) in paragraph at lines 2078--2080

 []

[63] [64] [65] [66]
Overfull \hbox (67.02904pt too wide) in alignment at lines 2232--2263
 [] [] [] 
 []

[67]
<_main_files/figure-latex/fig-landuse-1.pdf, id=533, 469.755pt x 325.215pt>
File: _main_files/figure-latex/fig-landuse-1.pdf Graphic file (type pdf)
<use _main_files/figure-latex/fig-landuse-1.pdf>
Package pdftex.def Info: _main_files/figure-latex/fig-landuse-1.pdf  used on input line 2265.
(pdftex.def)             Requested size: 344.997pt x 238.84406pt.
[68 <./_main_files/figure-latex/fig-landuse-1.pdf>]
<_main_files/figure-latex/fig-bev-1.pdf, id=543, 578.16pt x 216.81pt>
File: _main_files/figure-latex/fig-bev-1.pdf Graphic file (type pdf)
<use _main_files/figure-latex/fig-bev-1.pdf>
Package pdftex.def Info: _main_files/figure-latex/fig-bev-1.pdf  used on input line 2344.
(pdftex.def)             Requested size: 344.99312pt x 129.3724pt.
[69] [70 <./_main_files/figure-latex/fig-bev-1.pdf>]
<_main_files/figure-latex/fig-transitservice-1.pdf, id=562, 469.755pt x 325.215pt>
File: _main_files/figure-latex/fig-transitservice-1.pdf Graphic file (type pdf)
<use _main_files/figure-latex/fig-transitservice-1.pdf>
Package pdftex.def Info: _main_files/figure-latex/fig-transitservice-1.pdf  used on input line 2422.
(pdftex.def)             Requested size: 344.997pt x 238.84406pt.

Underfull \vbox (badness 6510) has occurred while \output is active []

[71] [72 <./_main_files/figure-latex/fig-transitservice-1.pdf>] [73]
<_main_files/figure-latex/fig-telework-1.pdf, id=592, 469.755pt x 325.215pt>
File: _main_files/figure-latex/fig-telework-1.pdf Graphic file (type pdf)
<use _main_files/figure-latex/fig-telework-1.pdf>
Package pdftex.def Info: _main_files/figure-latex/fig-telework-1.pdf  used on input line 2509.
(pdftex.def)             Requested size: 344.997pt x 238.84406pt.
[74 <./_main_files/figure-latex/fig-telework-1.pdf>] [75]
<_main_files/figure-latex/fig-roadprice-1.pdf, id=610, 469.755pt x 325.215pt>
File: _main_files/figure-latex/fig-roadprice-1.pdf Graphic file (type pdf)
<use _main_files/figure-latex/fig-roadprice-1.pdf>
Package pdftex.def Info: _main_files/figure-latex/fig-roadprice-1.pdf  used on input line 2588.
(pdftex.def)             Requested size: 344.997pt x 238.84406pt.
[76 <./_main_files/figure-latex/fig-roadprice-1.pdf>] [77]

LaTeX Warning: Reference `tab:tab-parking-price-effects' on page 78 undefined on input line 2665.


Overfull \hbox (113.66759pt too wide) in alignment at lines 2681--2689
 [] [] [] 
 []


Underfull \hbox (badness 10000) in paragraph at lines 2691--2692

 []

<_main_files/figure-latex/fig-parkingprice-1.pdf, id=631, 469.755pt x 325.215pt>
File: _main_files/figure-latex/fig-parkingprice-1.pdf Graphic file (type pdf)
<use _main_files/figure-latex/fig-parkingprice-1.pdf>
Package pdftex.def Info: _main_files/figure-latex/fig-parkingprice-1.pdf  used on input line 2694.
(pdftex.def)             Requested size: 344.997pt x 238.84406pt.

Underfull \vbox (badness 10000) has occurred while \output is active []

[78] [79 <./_main_files/figure-latex/fig-parkingprice-1.pdf>] [80

]
Chapter 5.
File: images//2724.jpg Graphic file (type jpg)
<use images//2724.jpg>
Package pdftex.def Info: images//2724.jpg  used on input line 2699.
(pdftex.def)             Requested size: 344.99786pt x 230.30565pt.
[81] [82] [83] [84] [85] [86] [87] [88]

LaTeX Warning: Command \texttimes invalid in math mode on input line 3070.


LaTeX Warning: Command \texttimes invalid in math mode on input line 3070.


LaTeX Warning: Command \texttimes invalid in math mode on input line 3073.


LaTeX Warning: Command \texttimes invalid in math mode on input line 3073.


LaTeX Warning: Command \texttimes invalid in math mode on input line 3074.


LaTeX Warning: Command \texttimes invalid in math mode on input line 3074.


LaTeX Warning: Command \texttimes invalid in math mode on input line 3074.


LaTeX Warning: Command \texttimes invalid in math mode on input line 3074.


Overfull \hbox (1.11256pt too wide) in paragraph at lines 3081--3083
[]$[] \OT1/lmr/m/n/10 = []$ 
 []


Overfull \hbox (242.22308pt too wide) in paragraph at lines 3083--3085
[]$[]$ 
 []


Overfull \hbox (22.58856pt too wide) in paragraph at lines 3091--3093
[]$\OML/lmm/m/it/10 CDi \OT1/lmr/m/n/10 = []$ 
 []


Overfull \hbox (140.74963pt too wide) in paragraph at lines 3095--3096
[]$\OML/lmm/m/it/10 t \OT1/lmr/m/n/10 = []$ 
 []

[89]

LaTeX Warning: Command \texttimes invalid in math mode on input line 3120.


LaTeX Warning: Command \texttimes invalid in math mode on input line 3120.

[90]
! Missing $ inserted.
<inserted text> 
                $
l.3156 \[ \text{Sequestered Carbon (in Mg CO_2 e)}
                                                   = CD × A × 11/3 \] 
Here is how much of TeX's memory you used:
 13476 strings out of 477989
 223142 string characters out of 5837643
 1862340 words of memory out of 5000000
 33162 multiletter control sequences out of 15000+600000
 596791 words of font info for 84 fonts, out of 8000000 for 9000
 14 hyphenation exceptions out of 8191
 75i,8n,76p,2078b,569s stack positions out of 10000i,1000n,20000p,200000b,200000s

!  ==> Fatal error occurred, no output PDF file produced!
